---
source: tests/parser/parser_errors_snapshots.rs
expression: snapshot_parser_errors(source)
---
nyx::parser::expected_expression

  × expected an expression, found `*`
   ╭─[main.nyx:1:6]
 1 │ 10 + * 5
   ·      ┬
   ·      ╰── expected an expression here
   ╰────
  help: remove the unexpected token or provide the missing expression

