---
source: tests/parser/parser_errors_snapshots.rs
expression: snapshot_parser_errors(source)
---
nyx::parser::unclosed_delimiter

  × unclosed delimiter
   ╭─[main.nyx:1:8]
 1 │ my_func(10, name, age
   ·        ┬
   ·        ╰── expected `)` to close this
   ╰────
  help: insert a `)` to close this group

