---
source: tests/lexer/lexer_error_snapshots.rs
expression: "snapshot_lexer_errors(\"unexpected 😀 error\")"
---
nyx::unexpected_char

  × Unexpected character '😀'
   ╭─[main.nyx:1:12]
 1 │ unexpected 😀 error
   ·            ─┬
   ·             ╰── invalid character
   ╰────
  help: The symbol '😀' is not recognized by nyx. Ensure your code only uses
        valid identifiers, operators, and syntax.

