---
source: tests/lexer/lexer_error_snapshots.rs
expression: "snapshot_lexer_errors(\"unexpected 😀 error Ñ你 好\")"
---
nox::unexpected_char

  × Unexpected character '😀'
   ╭─[main.nox:1:12]
 1 │ unexpected 😀 error Ñ你 好
   ·            ─┬
   ·             ╰── invalid character
   ╰────
  help: The symbol '😀' is not recognized by nox. Ensure your code only uses
        valid identifiers, operators, and syntax.

nox::unexpected_char

  × Unexpected character 'Ñ'
   ╭─[main.nox:1:23]
 1 │ unexpected 😀 error Ñ你 好
   ·                     ┬
   ·                     ╰── invalid character
   ╰────
  help: The symbol 'Ñ' is not recognized by nox. Ensure your code only uses
        valid identifiers, operators, and syntax.

nox::unexpected_char

  × Unexpected character '你'
   ╭─[main.nox:1:25]
 1 │ unexpected 😀 error Ñ你 好
   ·                      ─┬
   ·                       ╰── invalid character
   ╰────
  help: The symbol '你' is not recognized by nox. Ensure your code only uses
        valid identifiers, operators, and syntax.

nox::unexpected_char

  × Unexpected character '好'
   ╭─[main.nox:1:29]
 1 │ unexpected 😀 error Ñ你 好
   ·                         ─┬
   ·                          ╰── invalid character
   ╰────
  help: The symbol '好' is not recognized by nox. Ensure your code only uses
        valid identifiers, operators, and syntax.
