---
source: tests/lexer/lexer_error_snapshots.rs
expression: snapshot_lexer_errors(source)
---
nox::lexer::incomplete_float

  × incomplete floating-point literal
   ╭─[main.nox:2:1]
 1 │ 
 2 │ 123.
   · ──┬─┬
   ·   │ ╰── consider writing `123.0`
   ·   ╰── this literal is missing a fractional part
 3 │ 294.abc
   ╰────
  help: add a fractional component to the floating-point literal

nox::lexer::incomplete_float

  × incomplete floating-point literal
   ╭─[main.nox:3:1]
 2 │ 123.
 3 │ 294.abc
   · ──┬─┬
   ·   │ ╰── consider writing `294.0`
   ·   ╰── this literal is missing a fractional part
 4 │ 343abc
   ╰────
  help: add a fractional component to the floating-point literal

nox::lexer::invalid_numeric_suffix

  × invalid numeric literal
   ╭─[main.nox:4:1]
 3 │ 294.abc
 4 │ 343abc
   · ───┬──
   ·    ╰── a number cannot be directly followed by identifier characters
   ╰────
  help: add whitespace or an operator between the number and the identifier
